<?php return array (
  0 => 'Symfony\\Bundle\\FrameworkBundle\\EventListener\\SessionListener',
  1 => 'Symfony\\Component\\HttpFoundation\\Session\\Storage\\NativeSessionStorage',
  2 => 'Symfony\\Component\\HttpFoundation\\Session\\Storage\\PhpBridgeSessionStorage',
  3 => 'Symfony\\Component\\HttpFoundation\\Session\\Storage\\Handler\\NativeFileSessionHandler',
  4 => 'Symfony\\Component\\HttpFoundation\\Session\\Storage\\Proxy\\AbstractProxy',
  5 => 'Symfony\\Component\\HttpFoundation\\Session\\Storage\\Proxy\\SessionHandlerProxy',
  6 => 'Symfony\\Component\\HttpFoundation\\Session\\Session',
  8 => 'Symfony\\Bundle\\FrameworkBundle\\Templating\\GlobalVariables',
  9 => 'Symfony\\Bundle\\FrameworkBundle\\Templating\\TemplateReference',
  10 => 'Symfony\\Bundle\\FrameworkBundle\\Templating\\TemplateNameParser',
  11 => 'Symfony\\Bundle\\FrameworkBundle\\Templating\\Loader\\TemplateLocator',
  12 => 'Symfony\\Component\\Routing\\Generator\\UrlGenerator',
  13 => 'Symfony\\Component\\Routing\\RequestContext',
  14 => 'Symfony\\Component\\Routing\\Router',
  15 => 'Symfony\\Bundle\\FrameworkBundle\\Routing\\RedirectableUrlMatcher',
  16 => 'Symfony\\Bundle\\FrameworkBundle\\Routing\\Router',
  17 => 'Symfony\\Component\\Config\\FileLocator',
  18 => 'Symfony\\Component\\Debug\\ErrorHandler',
  19 => 'Symfony\\Component\\EventDispatcher\\Event',
  20 => 'Symfony\\Component\\EventDispatcher\\ContainerAwareEventDispatcher',
  21 => 'Symfony\\Component\\HttpKernel\\EventListener\\ResponseListener',
  22 => 'Symfony\\Component\\HttpKernel\\EventListener\\RouterListener',
  23 => 'Symfony\\Component\\HttpKernel\\Controller\\ControllerResolver',
  24 => 'Symfony\\Component\\HttpKernel\\Event\\KernelEvent',
  25 => 'Symfony\\Component\\HttpKernel\\Event\\FilterControllerEvent',
  26 => 'Symfony\\Component\\HttpKernel\\Event\\FilterResponseEvent',
  27 => 'Symfony\\Component\\HttpKernel\\Event\\GetResponseEvent',
  28 => 'Symfony\\Component\\HttpKernel\\Event\\GetResponseForControllerResultEvent',
  29 => 'Symfony\\Component\\HttpKernel\\Event\\GetResponseForExceptionEvent',
  30 => 'Symfony\\Component\\HttpKernel\\KernelEvents',
  31 => 'Symfony\\Component\\HttpKernel\\Config\\FileLocator',
  32 => 'Symfony\\Bundle\\FrameworkBundle\\Controller\\ControllerNameParser',
  33 => 'Symfony\\Bundle\\FrameworkBundle\\Controller\\ControllerResolver',
  34 => 'Doctrine\\Common\\Annotations\\DocLexer',
  35 => 'Doctrine\\Common\\Annotations\\FileCacheReader',
  36 => 'Doctrine\\Common\\Annotations\\PhpParser',
  37 => 'Doctrine\\Common\\Annotations\\Reader',
  38 => 'Doctrine\\Common\\Lexer',
  39 => 'Doctrine\\Common\\Persistence\\ConnectionRegistry',
  40 => 'Doctrine\\Common\\Persistence\\Proxy',
  41 => 'Doctrine\\Common\\Util\\ClassUtils',
  42 => 'Doctrine\\Bundle\\DoctrineBundle\\Registry',
  43 => 'Twig_Environment',
  44 => 'Twig_Extension',
  45 => 'Twig_Extension_Core',
  46 => 'Twig_Extension_Escaper',
  47 => 'Twig_Extension_Optimizer',
  48 => 'Twig_LoaderInterface',
  49 => 'Twig_Markup',
  50 => 'Twig_Template',
);